// Jest Snapshot v1, https://goo.gl/fbAQLP

exports[`Compare Results Table Should match snapshot 1`] = `
<body>
  <div>
    <div
      class="MuiPaper-root MuiPaper-elevation MuiPaper-rounded MuiPaper-elevation1 MuiTableContainer-root css-11xur9t-MuiPaper-root-MuiTableContainer-root"
    >
      <table
        aria-label="a dense table"
        class="MuiTable-root css-quj9j6-MuiTable-root"
      />
    </div>
  </div>
</body>
`;
